test_full_email_features (__main__.FullEmailSuiteTestCase.test_full_email_features) ... ERROR

======================================================================
ERROR: test_full_email_features (__main__.FullEmailSuiteTestCase.test_full_email_features)
----------------------------------------------------------------------
Traceback (most recent call last):
  File "D:\code\Python\PlacementProtal\.venv\Lib\site-packages\sqlalchemy\engine\base.py", line 1967, in _exec_single_context
    self.dialect.do_execute(
  File "D:\code\Python\PlacementProtal\.venv\Lib\site-packages\sqlalchemy\engine\default.py", line 952, in do_execute
    cursor.execute(statement, parameters)
sqlite3.IntegrityError: NOT NULL constraint failed: students.department

The above exception was the direct cause of the following exception:

Traceback (most recent call last):
  File "D:\code\Python\PlacementProtal\tests\test_full_email_suite.py", line 45, in setUp
    db.session.commit()
  File "D:\code\Python\PlacementProtal\.venv\Lib\site-packages\sqlalchemy\orm\scoping.py", line 597, in commit
    return self._proxied.commit()
           ^^^^^^^^^^^^^^^^^^^^^^
  File "D:\code\Python\PlacementProtal\.venv\Lib\site-packages\sqlalchemy\orm\session.py", line 2030, in commit
    trans.commit(_to_root=True)
  File "<string>", line 2, in commit
  File "D:\code\Python\PlacementProtal\.venv\Lib\site-packages\sqlalchemy\orm\state_changes.py", line 137, in _go
    ret_value = fn(self, *arg, **kw)
                ^^^^^^^^^^^^^^^^^^^^
  File "D:\code\Python\PlacementProtal\.venv\Lib\site-packages\sqlalchemy\orm\session.py", line 1311, in commit
    self._prepare_impl()
  File "<string>", line 2, in _prepare_impl
  File "D:\code\Python\PlacementProtal\.venv\Lib\site-packages\sqlalchemy\orm\state_changes.py", line 137, in _go
    ret_value = fn(self, *arg, **kw)
                ^^^^^^^^^^^^^^^^^^^^
  File "D:\code\Python\PlacementProtal\.venv\Lib\site-packages\sqlalchemy\orm\session.py", line 1286, in _prepare_impl
    self.session.flush()
  File "D:\code\Python\PlacementProtal\.venv\Lib\site-packages\sqlalchemy\orm\session.py", line 4331, in flush
    self._flush(objects)
  File "D:\code\Python\PlacementProtal\.venv\Lib\site-packages\sqlalchemy\orm\session.py", line 4466, in _flush
    with util.safe_reraise():
         ^^^^^^^^^^^^^^^^^^^
  File "D:\code\Python\PlacementProtal\.venv\Lib\site-packages\sqlalchemy\util\langhelpers.py", line 224, in __exit__
    raise exc_value.with_traceback(exc_tb)
  File "D:\code\Python\PlacementProtal\.venv\Lib\site-packages\sqlalchemy\orm\session.py", line 4427, in _flush
    flush_context.execute()
  File "D:\code\Python\PlacementProtal\.venv\Lib\site-packages\sqlalchemy\orm\unitofwork.py", line 466, in execute
    rec.execute(self)
  File "D:\code\Python\PlacementProtal\.venv\Lib\site-packages\sqlalchemy\orm\unitofwork.py", line 642, in execute
    util.preloaded.orm_persistence.save_obj(
  File "D:\code\Python\PlacementProtal\.venv\Lib\site-packages\sqlalchemy\orm\persistence.py", line 93, in save_obj
    _emit_insert_statements(
  File "D:\code\Python\PlacementProtal\.venv\Lib\site-packages\sqlalchemy\orm\persistence.py", line 1233, in _emit_insert_statements
    result = connection.execute(
             ^^^^^^^^^^^^^^^^^^^
  File "D:\code\Python\PlacementProtal\.venv\Lib\site-packages\sqlalchemy\engine\base.py", line 1419, in execute
    return meth(
           ^^^^^
  File "D:\code\Python\PlacementProtal\.venv\Lib\site-packages\sqlalchemy\sql\elements.py", line 527, in _execute_on_connection
    return connection._execute_clauseelement(
           ^^^^^^^^^^^^^^^^^^^^^^^^^^^^^^^^^^
  File "D:\code\Python\PlacementProtal\.venv\Lib\site-packages\sqlalchemy\engine\base.py", line 1641, in _execute_clauseelement
    ret = self._execute_context(
          ^^^^^^^^^^^^^^^^^^^^^^
  File "D:\code\Python\PlacementProtal\.venv\Lib\site-packages\sqlalchemy\engine\base.py", line 1846, in _execute_context
    return self._exec_single_context(
           ^^^^^^^^^^^^^^^^^^^^^^^^^^
  File "D:\code\Python\PlacementProtal\.venv\Lib\site-packages\sqlalchemy\engine\base.py", line 1986, in _exec_single_context
    self._handle_dbapi_exception(
  File "D:\code\Python\PlacementProtal\.venv\Lib\site-packages\sqlalchemy\engine\base.py", line 2363, in _handle_dbapi_exception
    raise sqlalchemy_exception.with_traceback(exc_info[2]) from e
  File "D:\code\Python\PlacementProtal\.venv\Lib\site-packages\sqlalchemy\engine\base.py", line 1967, in _exec_single_context
    self.dialect.do_execute(
  File "D:\code\Python\PlacementProtal\.venv\Lib\site-packages\sqlalchemy\engine\default.py", line 952, in do_execute
    cursor.execute(statement, parameters)
sqlalchemy.exc.IntegrityError: (sqlite3.IntegrityError) NOT NULL constraint failed: students.department
[SQL: INSERT INTO students (roll_no, name, fathers_name, college_name, dob, gender, email, mobile, address, department, semester, tenth_marks, twelfth_marks, cgpa, backlogs, skills, projects_internship, profile_photo, resume_path, resume_data_path, password_hash, status, is_password_changed, is_email_verified, created_at, updated_at) VALUES (?, ?, ?, ?, ?, ?, ?, ?, ?, ?, ?, ?, ?, ?, ?, ?, ?, ?, ?, ?, ?, ?, ?, ?, ?, ?)]
[parameters: ('TEST001', 'Test Student', None, None, None, None, 'student@test.com', '1234567890', None, None, None, None, None, None, 0, None, None, None, None, None, 'hash', 'Pending', 0, 0, '2026-01-15 10:13:55.795578', '2026-01-15 10:13:55.795578')]
(Background on this error at: https://sqlalche.me/e/20/gkpj)

----------------------------------------------------------------------
Ran 1 test in 0.434s

FAILED (errors=1)
